macsimus/LICENCE.md
macsimus/README.md
macsimus/bin/che.sh
macsimus/bin/go
macsimus/bin/makeone.sh
macsimus/bin/mvexe.sh
macsimus/bin/nmf.sh
macsimus/bin/nmf4guest.sh
macsimus/bin/plotcpa
macsimus/bin/rsd
macsimus/bin/showatm
macsimus/bin/showcfg
macsimus/bin/shownmf.sh
macsimus/bin/showplz
macsimus/bin/stop.sh
macsimus/bin/visc.sh
macsimus/blend/README.md
macsimus/blend/README.md         
macsimus/blend/blefilt.c
macsimus/blend/blend.c
macsimus/blend/blendar.c
macsimus/blend/blendbit.c
macsimus/blend/blendbon.c
macsimus/blend/blenddep.c
macsimus/blend/blenddep.h
macsimus/blend/blenddm.c
macsimus/blend/blenddpl.c
macsimus/blend/blendedt.c
macsimus/blend/blendedt.h
macsimus/blend/blendess.c
macsimus/blend/blendgen.c
macsimus/blend/blendgen.h
macsimus/blend/blendhelp.c
macsimus/blend/blendhlp.c
macsimus/blend/blendhlx.c
macsimus/blend/blendimp.c
macsimus/blend/blendimp.h
macsimus/blend/blendine.c
macsimus/blend/blendmed.c
macsimus/blend/blendmed.h
macsimus/blend/blendmenu.c
macsimus/blend/blendmin.c
macsimus/blend/blendmin.h
macsimus/blend/blendnm.c
macsimus/blend/blendpar.c
macsimus/blend/blendpar.h
macsimus/blend/blendpol.c
macsimus/blend/blendpw.c
macsimus/blend/blendss1.c
macsimus/blend/blendss2.c
macsimus/blend/blendssi.c
macsimus/blend/blendu.c
macsimus/blend/blendvir.c
macsimus/blend/bonds.c
macsimus/blend/che/2-methoxyethyl_acetate.che
macsimus/blend/che/24helicene.che
macsimus/blend/che/6helicene.che
macsimus/blend/che/7circulene.che
macsimus/blend/che/ALA3.che
macsimus/blend/che/Ar@C60.che
macsimus/blend/che/C16H22.che
macsimus/blend/che/CH4.che
macsimus/blend/che/CO2.che
macsimus/blend/che/Cl@C60.che
macsimus/blend/che/LJ13.che
macsimus/blend/che/LJ15.che
macsimus/blend/che/LJ3.che
macsimus/blend/che/LJ4.che
macsimus/blend/che/LJ6.che
macsimus/blend/che/LJ7.che
macsimus/blend/che/NH3.che
macsimus/blend/che/Na108Cl108.che
macsimus/blend/che/Na10Cl10.che
macsimus/blend/che/Na32Cl32.che
macsimus/blend/che/Na4Cl4.che
macsimus/blend/che/NaCl.che
macsimus/blend/che/SO2.che
macsimus/blend/che/SPC-water-dimer.che
macsimus/blend/che/acetylcholine-UA.che
macsimus/blend/che/adamantane.che
macsimus/blend/che/alanine.che
macsimus/blend/che/ambroxoli.che
macsimus/blend/che/amiridine.che
macsimus/blend/che/anthracene-dimer.che
macsimus/blend/che/azulene.che
macsimus/blend/che/benzene.che
macsimus/blend/che/benzocaine.che
macsimus/blend/che/biphenyl-UA.che
macsimus/blend/che/biphenyl.che
macsimus/blend/che/bis-imidazoline.che
macsimus/blend/che/board.che
macsimus/blend/che/butadiene.che
macsimus/blend/che/butane.che
macsimus/blend/che/carane.che
macsimus/blend/che/cl.sh
macsimus/blend/che/coronene.che
macsimus/blend/che/cubane.che
macsimus/blend/che/cyclobutane-UA.che
macsimus/blend/che/cyclobutane.che
macsimus/blend/che/cyclohexane.che
macsimus/blend/che/cycloicosane-UA.che
macsimus/blend/che/dioxin.che
macsimus/blend/che/dodecahedrane-UA.che
macsimus/blend/che/dodecahedrane.che
macsimus/blend/che/ethane.che
macsimus/blend/che/ethanol+water.che
macsimus/blend/che/ethanol.che
macsimus/blend/che/ethylene.che
macsimus/blend/che/fullereneC60.che
macsimus/blend/che/fullereneC70.che
macsimus/blend/che/graphene-hex.che
macsimus/blend/che/graphene-sq.che
macsimus/blend/che/heme.che
macsimus/blend/che/hexamine.che
macsimus/blend/che/hoop.che
macsimus/blend/che/icosane-UA.che
macsimus/blend/che/isopentane.che
macsimus/blend/che/knot-biphenyl-icosane.che
macsimus/blend/che/knotane-UA.che
macsimus/blend/che/metaldehyde.che
macsimus/blend/che/moebius.che
macsimus/blend/che/nanotube-C150.che
macsimus/blend/che/naphtalene-UA.che
macsimus/blend/che/norbornane.che
macsimus/blend/che/pagodane.che
macsimus/blend/che/paraldehyde.che
macsimus/blend/che/peptide-AA.che
macsimus/blend/che/peptide-SS-UA.che
macsimus/blend/che/pinene.che
macsimus/blend/che/pretzel-UA.che
macsimus/blend/che/pretzel.che
macsimus/blend/che/propane.che
macsimus/blend/che/propellane.che
macsimus/blend/che/propeller.che
macsimus/blend/che/rings.che
macsimus/blend/che/sandwich.che
macsimus/blend/che/strange.che
macsimus/blend/che/strychnine.che
macsimus/blend/che/sucrose.che
macsimus/blend/che/sulflower.che
macsimus/blend/che/thyroxine.che
macsimus/blend/che/valine.che
macsimus/blend/che/xylene-UA.che
macsimus/blend/che/xylene.che
macsimus/blend/data/JC+SPCE.par
macsimus/blend/data/charmm19.par
macsimus/blend/data/charmm19/ace.che
macsimus/blend/data/charmm19/ace.rsd
macsimus/blend/data/charmm19/ala.che
macsimus/blend/data/charmm19/ala.rsd
macsimus/blend/data/charmm19/ami.che
macsimus/blend/data/charmm19/ami.rsd
macsimus/blend/data/charmm19/arg.che
macsimus/blend/data/charmm19/arg.rsd
macsimus/blend/data/charmm19/asn.che
macsimus/blend/data/charmm19/asn.rsd
macsimus/blend/data/charmm19/asp.che
macsimus/blend/data/charmm19/asp.rsd
macsimus/blend/data/charmm19/asph.che
macsimus/blend/data/charmm19/asph.rsd
macsimus/blend/data/charmm19/co.rsd
macsimus/blend/data/charmm19/ct1.che
macsimus/blend/data/charmm19/ct1.rsd
macsimus/blend/data/charmm19/ct2.che
macsimus/blend/data/charmm19/ct2.rsd
macsimus/blend/data/charmm19/ct3.che
macsimus/blend/data/charmm19/ct3.rsd
macsimus/blend/data/charmm19/cter.che
macsimus/blend/data/charmm19/cter.rsd
macsimus/blend/data/charmm19/cterh.che
macsimus/blend/data/charmm19/cterh.rsd
macsimus/blend/data/charmm19/cys.che
macsimus/blend/data/charmm19/cys.rsd
macsimus/blend/data/charmm19/cyss.che
macsimus/blend/data/charmm19/eth.rsd
macsimus/blend/data/charmm19/form.rsd
macsimus/blend/data/charmm19/gln.che
macsimus/blend/data/charmm19/gln.rsd
macsimus/blend/data/charmm19/glu.che
macsimus/blend/data/charmm19/glu.rsd
macsimus/blend/data/charmm19/gluh.che
macsimus/blend/data/charmm19/gluh.rsd
macsimus/blend/data/charmm19/gly.che
macsimus/blend/data/charmm19/gly.rsd
macsimus/blend/data/charmm19/glyp.che
macsimus/blend/data/charmm19/glyp.rsd
macsimus/blend/data/charmm19/hem.che
macsimus/blend/data/charmm19/hem.rsd
macsimus/blend/data/charmm19/his.che
macsimus/blend/data/charmm19/his.rsd
macsimus/blend/data/charmm19/hisn.che
macsimus/blend/data/charmm19/hisn.rsd
macsimus/blend/data/charmm19/hisne.che
macsimus/blend/data/charmm19/hisne.rsd
macsimus/blend/data/charmm19/hoh.che
macsimus/blend/data/charmm19/hoh.rsd
macsimus/blend/data/charmm19/hsd.rsd
macsimus/blend/data/charmm19/ile.che
macsimus/blend/data/charmm19/ile.rsd
macsimus/blend/data/charmm19/leu.che
macsimus/blend/data/charmm19/leu.rsd
macsimus/blend/data/charmm19/lys.che
macsimus/blend/data/charmm19/lys.rsd
macsimus/blend/data/charmm19/lysn.che
macsimus/blend/data/charmm19/lysn.rsd
macsimus/blend/data/charmm19/meoh.rsd
macsimus/blend/data/charmm19/met.che
macsimus/blend/data/charmm19/met.rsd
macsimus/blend/data/charmm19/nter.che
macsimus/blend/data/charmm19/nter.rsd
macsimus/blend/data/charmm19/ntern.che
macsimus/blend/data/charmm19/ntern.rsd
macsimus/blend/data/charmm19/phe.che
macsimus/blend/data/charmm19/phe.rsd
macsimus/blend/data/charmm19/pro.che
macsimus/blend/data/charmm19/pro.rsd
macsimus/blend/data/charmm19/prop.che
macsimus/blend/data/charmm19/prop.rsd
macsimus/blend/data/charmm19/ser.che
macsimus/blend/data/charmm19/ser.rsd
macsimus/blend/data/charmm19/so4.rsd
macsimus/blend/data/charmm19/st2.rsd
macsimus/blend/data/charmm19/thr.che
macsimus/blend/data/charmm19/thr.rsd
macsimus/blend/data/charmm19/tip3.rsd
macsimus/blend/data/charmm19/trp.che
macsimus/blend/data/charmm19/trp.rsd
macsimus/blend/data/charmm19/tyr.che
macsimus/blend/data/charmm19/tyr.rsd
macsimus/blend/data/charmm19/val.che
macsimus/blend/data/charmm19/val.rsd
macsimus/blend/data/charmm21.par
macsimus/blend/data/charmm21.pch
macsimus/blend/data/charmm21.rea
macsimus/blend/data/charmm21/ace.che
macsimus/blend/data/charmm21/ace.rsd
macsimus/blend/data/charmm21/adr.rsd
macsimus/blend/data/charmm21/ala.che
macsimus/blend/data/charmm21/ala.rsd
macsimus/blend/data/charmm21/ami.che
macsimus/blend/data/charmm21/ami.rsd
macsimus/blend/data/charmm21/arg.che
macsimus/blend/data/charmm21/arg.rsd
macsimus/blend/data/charmm21/argcl.rsd
macsimus/blend/data/charmm21/argn.rsd
macsimus/blend/data/charmm21/asn.che
macsimus/blend/data/charmm21/asn.rsd
macsimus/blend/data/charmm21/asp.che
macsimus/blend/data/charmm21/asp.rsd
macsimus/blend/data/charmm21/asph.che
macsimus/blend/data/charmm21/asph.rsd
macsimus/blend/data/charmm21/aspna.rsd
macsimus/blend/data/charmm21/ca.rsd
macsimus/blend/data/charmm21/cmam.rsd
macsimus/blend/data/charmm21/cr6.rsd
macsimus/blend/data/charmm21/cr6h.rsd
macsimus/blend/data/charmm21/ct1.che
macsimus/blend/data/charmm21/ct1.rsd
macsimus/blend/data/charmm21/ct2.che
macsimus/blend/data/charmm21/ct2.rsd
macsimus/blend/data/charmm21/ct3.che
macsimus/blend/data/charmm21/ct3.rsd
macsimus/blend/data/charmm21/cter.che
macsimus/blend/data/charmm21/cter.rsd
macsimus/blend/data/charmm21/cterh.che
macsimus/blend/data/charmm21/cterh.rsd
macsimus/blend/data/charmm21/cterna.rsd
macsimus/blend/data/charmm21/cys.che
macsimus/blend/data/charmm21/cys.rsd
macsimus/blend/data/charmm21/cysn.che
macsimus/blend/data/charmm21/cysn.rsd
macsimus/blend/data/charmm21/cysp.che
macsimus/blend/data/charmm21/cysp.rsd
macsimus/blend/data/charmm21/cyss.che
macsimus/blend/data/charmm21/cyss.rsd
macsimus/blend/data/charmm21/gln.che
macsimus/blend/data/charmm21/gln.rsd
macsimus/blend/data/charmm21/glu.che
macsimus/blend/data/charmm21/glu.rsd
macsimus/blend/data/charmm21/gluh.che
macsimus/blend/data/charmm21/gluh.rsd
macsimus/blend/data/charmm21/gluna.rsd
macsimus/blend/data/charmm21/gly.che
macsimus/blend/data/charmm21/gly.rsd
macsimus/blend/data/charmm21/glyp.che
macsimus/blend/data/charmm21/glyp.rsd
macsimus/blend/data/charmm21/glypcl.rsd
macsimus/blend/data/charmm21/glypn.rsd
macsimus/blend/data/charmm21/hem.che
macsimus/blend/data/charmm21/hem.rsd
macsimus/blend/data/charmm21/his.che
macsimus/blend/data/charmm21/his.rsd
macsimus/blend/data/charmm21/hiscl.rsd
macsimus/blend/data/charmm21/hisn.che
macsimus/blend/data/charmm21/hisn.rsd
macsimus/blend/data/charmm21/hisne.che
macsimus/blend/data/charmm21/hisne.rsd
macsimus/blend/data/charmm21/hoh.che
macsimus/blend/data/charmm21/hoh.rsd
macsimus/blend/data/charmm21/hsc.rsd
macsimus/blend/data/charmm21/hsd.rsd
macsimus/blend/data/charmm21/ile.che
macsimus/blend/data/charmm21/ile.rsd
macsimus/blend/data/charmm21/k.rsd
macsimus/blend/data/charmm21/leu.che
macsimus/blend/data/charmm21/leu.rsd
macsimus/blend/data/charmm21/lys.che
macsimus/blend/data/charmm21/lys.rsd
macsimus/blend/data/charmm21/lyscl.rsd
macsimus/blend/data/charmm21/lysn.che
macsimus/blend/data/charmm21/lysn.rsd
macsimus/blend/data/charmm21/met.che
macsimus/blend/data/charmm21/met.rsd
macsimus/blend/data/charmm21/nact.rsd
macsimus/blend/data/charmm21/nter.che
macsimus/blend/data/charmm21/nter.rsd
macsimus/blend/data/charmm21/ntercl.rsd
macsimus/blend/data/charmm21/ntern.che
macsimus/blend/data/charmm21/ntern.rsd
macsimus/blend/data/charmm21/oh2.rsd
macsimus/blend/data/charmm21/oxy.rsd
macsimus/blend/data/charmm21/pca.rsd
macsimus/blend/data/charmm21/phe.che
macsimus/blend/data/charmm21/phe.rsd
macsimus/blend/data/charmm21/po4.rsd
macsimus/blend/data/charmm21/pro.che
macsimus/blend/data/charmm21/pro.rsd
macsimus/blend/data/charmm21/prop.che
macsimus/blend/data/charmm21/prop.rsd
macsimus/blend/data/charmm21/prop0.rsd
macsimus/blend/data/charmm21/propcl.rsd
macsimus/blend/data/charmm21/propn.rsd
macsimus/blend/data/charmm21/sar.che
macsimus/blend/data/charmm21/sar.rsd
macsimus/blend/data/charmm21/ser.che
macsimus/blend/data/charmm21/ser.rsd
macsimus/blend/data/charmm21/so4.rsd
macsimus/blend/data/charmm21/st2.rsd
macsimus/blend/data/charmm21/thr.che
macsimus/blend/data/charmm21/thr.rsd
macsimus/blend/data/charmm21/tip.rsd
macsimus/blend/data/charmm21/trp.che
macsimus/blend/data/charmm21/trp.rsd
macsimus/blend/data/charmm21/tyr.che
macsimus/blend/data/charmm21/tyr.rsd
macsimus/blend/data/charmm21/val.che
macsimus/blend/data/charmm21/val.rsd
macsimus/blend/data/charmm21/wat.rsd
macsimus/blend/data/charmm21/zn.rsd
macsimus/blend/data/charmm22.par
macsimus/blend/data/charmm22/ace.che
macsimus/blend/data/charmm22/ace.rsd
macsimus/blend/data/charmm22/ala.che
macsimus/blend/data/charmm22/ala.rsd
macsimus/blend/data/charmm22/ami.che
macsimus/blend/data/charmm22/ami.rsd
macsimus/blend/data/charmm22/arg.che
macsimus/blend/data/charmm22/arg.rsd
macsimus/blend/data/charmm22/asn.che
macsimus/blend/data/charmm22/asn.rsd
macsimus/blend/data/charmm22/asp.che
macsimus/blend/data/charmm22/asp.rsd
macsimus/blend/data/charmm22/asph.che
macsimus/blend/data/charmm22/asph.rsd
macsimus/blend/data/charmm22/ca.rsd
macsimus/blend/data/charmm22/ct1.che
macsimus/blend/data/charmm22/ct1.rsd
macsimus/blend/data/charmm22/ct2.che
macsimus/blend/data/charmm22/ct2.rsd
macsimus/blend/data/charmm22/ct3.che
macsimus/blend/data/charmm22/ct3.rsd
macsimus/blend/data/charmm22/cter.che
macsimus/blend/data/charmm22/cter.rsd
macsimus/blend/data/charmm22/cterh.che
macsimus/blend/data/charmm22/cterh.rsd
macsimus/blend/data/charmm22/ctert.rsd
macsimus/blend/data/charmm22/cys.che
macsimus/blend/data/charmm22/cys.rsd
macsimus/blend/data/charmm22/cysn.che
macsimus/blend/data/charmm22/cysn.rsd
macsimus/blend/data/charmm22/cyss.che
macsimus/blend/data/charmm22/cyss.rsd
macsimus/blend/data/charmm22/gln.che
macsimus/blend/data/charmm22/gln.rsd
macsimus/blend/data/charmm22/glu.che
macsimus/blend/data/charmm22/glu.rsd
macsimus/blend/data/charmm22/gluh.che
macsimus/blend/data/charmm22/gluh.rsd
macsimus/blend/data/charmm22/gly.che
macsimus/blend/data/charmm22/gly.rsd
macsimus/blend/data/charmm22/glyp.che
macsimus/blend/data/charmm22/glyp.rsd
macsimus/blend/data/charmm22/glypn.che
macsimus/blend/data/charmm22/glypn.rsd
macsimus/blend/data/charmm22/hem.che
macsimus/blend/data/charmm22/hem.rsd
macsimus/blend/data/charmm22/his.che
macsimus/blend/data/charmm22/his.rsd
macsimus/blend/data/charmm22/hisn.che
macsimus/blend/data/charmm22/hisn.rsd
macsimus/blend/data/charmm22/hisne.che
macsimus/blend/data/charmm22/hisne.rsd
macsimus/blend/data/charmm22/hoh.che
macsimus/blend/data/charmm22/hoh.rsd
macsimus/blend/data/charmm22/ile.che
macsimus/blend/data/charmm22/ile.rsd
macsimus/blend/data/charmm22/leu.che
macsimus/blend/data/charmm22/leu.rsd
macsimus/blend/data/charmm22/lys.che
macsimus/blend/data/charmm22/lys.rsd
macsimus/blend/data/charmm22/lysn.che
macsimus/blend/data/charmm22/lysn.rsd
macsimus/blend/data/charmm22/met.che
macsimus/blend/data/charmm22/met.rsd
macsimus/blend/data/charmm22/nter.che
macsimus/blend/data/charmm22/nter.rsd
macsimus/blend/data/charmm22/ntern.che
macsimus/blend/data/charmm22/ntern.rsd
macsimus/blend/data/charmm22/phe.che
macsimus/blend/data/charmm22/phe.rsd
macsimus/blend/data/charmm22/pro.che
macsimus/blend/data/charmm22/pro.rsd
macsimus/blend/data/charmm22/prop.che
macsimus/blend/data/charmm22/prop.rsd
macsimus/blend/data/charmm22/propn.che
macsimus/blend/data/charmm22/propn.rsd
macsimus/blend/data/charmm22/ser.che
macsimus/blend/data/charmm22/ser.rsd
macsimus/blend/data/charmm22/thr.che
macsimus/blend/data/charmm22/thr.rsd
macsimus/blend/data/charmm22/trp.che
macsimus/blend/data/charmm22/trp.rsd
macsimus/blend/data/charmm22/tyr.che
macsimus/blend/data/charmm22/tyr.rsd
macsimus/blend/data/charmm22/val.che
macsimus/blend/data/charmm22/val.rsd
macsimus/blend/data/charmm22/zn.che
macsimus/blend/data/diamond.par
macsimus/blend/data/gases.par
macsimus/blend/data/gromos-v.par
macsimus/blend/data/gromos.par
macsimus/blend/data/gromos96.par
macsimus/blend/data/gromos96/ace.che
macsimus/blend/data/gromos96/ace.rsd
macsimus/blend/data/gromos96/ala.che
macsimus/blend/data/gromos96/ala.rsd
macsimus/blend/data/gromos96/ami.che
macsimus/blend/data/gromos96/ami.rsd
macsimus/blend/data/gromos96/arg.che
macsimus/blend/data/gromos96/arg.rsd
macsimus/blend/data/gromos96/argn.che
macsimus/blend/data/gromos96/argn.rsd
macsimus/blend/data/gromos96/asn.che
macsimus/blend/data/gromos96/asn.rsd
macsimus/blend/data/gromos96/asp.che
macsimus/blend/data/gromos96/asp.rsd
macsimus/blend/data/gromos96/asph.che
macsimus/blend/data/gromos96/asph.rsd
macsimus/blend/data/gromos96/ct1.che
macsimus/blend/data/gromos96/ct1.rsd
macsimus/blend/data/gromos96/ct2.che
macsimus/blend/data/gromos96/ct2.rsd
macsimus/blend/data/gromos96/ct3.che
macsimus/blend/data/gromos96/ct3.rsd
macsimus/blend/data/gromos96/cter.che
macsimus/blend/data/gromos96/cter.rsd
macsimus/blend/data/gromos96/cterh.che
macsimus/blend/data/gromos96/cterh.rsd
macsimus/blend/data/gromos96/cys.che
macsimus/blend/data/gromos96/cys.rsd
macsimus/blend/data/gromos96/cyss.che
macsimus/blend/data/gromos96/cyss.rsd
macsimus/blend/data/gromos96/gln.che
macsimus/blend/data/gromos96/gln.rsd
macsimus/blend/data/gromos96/glu.che
macsimus/blend/data/gromos96/glu.rsd
macsimus/blend/data/gromos96/gluh.che
macsimus/blend/data/gromos96/gluh.rsd
macsimus/blend/data/gromos96/gly.che
macsimus/blend/data/gromos96/gly.rsd
macsimus/blend/data/gromos96/hem.che
macsimus/blend/data/gromos96/hem.rsd
macsimus/blend/data/gromos96/his.che
macsimus/blend/data/gromos96/his.rsd
macsimus/blend/data/gromos96/hisn.che
macsimus/blend/data/gromos96/hisn.rsd
macsimus/blend/data/gromos96/hisne.che
macsimus/blend/data/gromos96/hisne.rsd
macsimus/blend/data/gromos96/ile.che
macsimus/blend/data/gromos96/ile.rsd
macsimus/blend/data/gromos96/leu.che
macsimus/blend/data/gromos96/leu.rsd
macsimus/blend/data/gromos96/lys.che
macsimus/blend/data/gromos96/lys.rsd
macsimus/blend/data/gromos96/lysn.che
macsimus/blend/data/gromos96/lysn.rsd
macsimus/blend/data/gromos96/met.che
macsimus/blend/data/gromos96/met.rsd
macsimus/blend/data/gromos96/nter.che
macsimus/blend/data/gromos96/nter.rsd
macsimus/blend/data/gromos96/ntern.che
macsimus/blend/data/gromos96/ntern.rsd
macsimus/blend/data/gromos96/phe.che
macsimus/blend/data/gromos96/phe.rsd
macsimus/blend/data/gromos96/pro.che
macsimus/blend/data/gromos96/pro.rsd
macsimus/blend/data/gromos96/sar.che
macsimus/blend/data/gromos96/ser.che
macsimus/blend/data/gromos96/ser.rsd
macsimus/blend/data/gromos96/thr.che
macsimus/blend/data/gromos96/thr.rsd
macsimus/blend/data/gromos96/trp.che
macsimus/blend/data/gromos96/trp.rsd
macsimus/blend/data/gromos96/tyr.che
macsimus/blend/data/gromos96/tyr.rsd
macsimus/blend/data/gromos96/val.che
macsimus/blend/data/gromos96/val.rsd
macsimus/blend/data/groups
macsimus/blend/data/saltbuck12.par
macsimus/blend/data/saltbus12.par
macsimus/blend/data/sea.par
macsimus/blend/data/trappe.par
macsimus/blend/data/trappe_ua.par
macsimus/blend/data/water.par
macsimus/blend/esstest.c
macsimus/blend/makepept.c
macsimus/blend/mendeleyev.c
macsimus/blend/metamake.mmk
macsimus/blend/new
macsimus/blend/pdb.c
macsimus/blend/pdb2atm.c
macsimus/blend/pdb2pdb.c
macsimus/blend/pdbbasic.c
macsimus/blend/pdbbasic.h
macsimus/blend/pdbconv.c
macsimus/blend/pdbconv.h
macsimus/blend/pdbinfo.c
macsimus/blend/pdbinfo.h
macsimus/blend/pdbmol.c
macsimus/blend/pdbmol.h
macsimus/blend/pdbpdb.c
macsimus/blend/pdbpdb.h
macsimus/blend/pdbrep.c
macsimus/blend/pdbrep.h
macsimus/blend/ramachan.c
macsimus/blend/simopt.h
macsimus/blend/view3db.c
macsimus/blend/waterdep.c
macsimus/c/4lc.c
macsimus/c/README.md             
macsimus/c/binrepl.c
macsimus/c/blocktab.c
macsimus/c/comment.c
macsimus/c/eddata.c
macsimus/c/eqfield.c
macsimus/c/ev.c
macsimus/c/evhlp.c
macsimus/c/exp2pow.c
macsimus/c/extract.c
macsimus/c/field.c
macsimus/c/filttab.c
macsimus/c/fit4plot/fit.c
macsimus/c/fit4plot/fitcode1.c
macsimus/c/fit4plot/fitcode2.c
macsimus/c/fit4plot/makemake.sh
macsimus/c/fit4plot/metamake.mmk
macsimus/c/fit4plot/myfit.c
macsimus/c/grouptab.c
macsimus/c/hcat.c
macsimus/c/histogr.c
macsimus/c/ice.c
macsimus/c/icedata.c
macsimus/c/lattice.c
macsimus/c/lc.c
macsimus/c/lemon.c
macsimus/c/liat.c
macsimus/c/line.c
macsimus/c/lr.c
macsimus/c/makemake.c
macsimus/c/mergetab.c
macsimus/c/metamake.mmk
macsimus/c/naclcryst.c
macsimus/c/oneline.c
macsimus/c/ren.c
macsimus/c/repl.c
macsimus/c/runint.c
macsimus/c/runsum.c
macsimus/c/sortcite.c
macsimus/c/sparsetab.c
macsimus/c/start.c
macsimus/c/sum.c
macsimus/c/sumetc.c
macsimus/c/tab.c
macsimus/c/tabproc.c
macsimus/c/ungrouptab.c
macsimus/cook/README.md          
macsimus/cook/bonded.c
macsimus/cook/configure.sh
macsimus/cook/cookaa.c
macsimus/cook/cookm.c
macsimus/cook/cookmeas.c
macsimus/cook/cookmeasps.c
macsimus/cook/cookmm.c
macsimus/cook/cooknmea.c
macsimus/cook/cooknmeaps.c
macsimus/cook/cookundf.c
macsimus/cook/coulomb.sh
macsimus/cook/eldens.c
macsimus/cook/exe/cutelst/metamake.mmk
macsimus/cook/exe/cutelst/simopt.h
macsimus/cook/exe/cutelstP1/metamake.mmk
macsimus/cook/exe/cutelstP1/simopt.h
macsimus/cook/exe/ewald/metamake.mmk
macsimus/cook/exe/ewald/simopt.h
macsimus/cook/exe/ewaldP1/metamake.mmk
macsimus/cook/exe/ewaldP1/simopt.h
macsimus/cook/exe/free/metamake.mmk
macsimus/cook/exe/free/simopt.h
macsimus/cook/forces.c
macsimus/cook/forces.h
macsimus/cook/gaussian.c
macsimus/cook/generic/metamake.mmk
macsimus/cook/generic/simopt.h
macsimus/cook/lc.c
macsimus/cook/lcpar.c
macsimus/cook/linklist.c
macsimus/cook/linklist.h
macsimus/cook/ljqqfq.c
macsimus/cook/ljqqnp.c
macsimus/cook/ljqqpol.c
macsimus/cook/ljqqtabnp.c
macsimus/cook/ljqqtabpol.c
macsimus/cook/pair.c
macsimus/cook/polarres.c
macsimus/cook/scalepot.h
macsimus/cook/simdef.c
macsimus/cook/simdef.h
macsimus/cook/simpot.c
macsimus/cook/simpot.h
macsimus/cook/tip3pm.c
macsimus/cook/tip3pmm.c
macsimus/cook/tip4pm.c
macsimus/cook/tip4pmm.c
macsimus/cook/userforces.c
macsimus/cook/water.c
macsimus/cook/water.h
macsimus/cook/watercut.h
macsimus/cook/waterni.c
macsimus/cook/widom.c
macsimus/examples/NPT/N2.che
macsimus/examples/NPT/N256NPT1.def
macsimus/examples/NPT/N256NPT1.get
macsimus/examples/NPT/README.md
macsimus/examples/README.md
macsimus/examples/brine/1-slab.get
macsimus/examples/brine/2-slab.get
macsimus/examples/brine/3-slab.get
macsimus/examples/brine/BK3.mol
macsimus/examples/brine/CL.mol
macsimus/examples/brine/NA.mol
macsimus/examples/brine/NaCl.ble
macsimus/examples/brine/README.md
macsimus/examples/brine/slab.cpi
macsimus/examples/brine/slab.def
macsimus/examples/edu/A01-prepare-Na4Cl4.sh
macsimus/examples/edu/A02-replicate.sh
macsimus/examples/edu/A03-init-crystal.sh
macsimus/examples/edu/A04-simulate-crystal.sh
macsimus/examples/edu/A05-show-crystal-results.sh
macsimus/examples/edu/A06-init-crystal-melt.sh
macsimus/examples/edu/A07-simulate-melt.sh
macsimus/examples/edu/A08-show-melt-results.sh
macsimus/examples/edu/A09-init-slab.sh
macsimus/examples/edu/A10-simulate-slab.sh
macsimus/examples/edu/A11-show-slab-results.sh
macsimus/examples/edu/A12-show-all-profiles.sh
macsimus/examples/edu/Ar.che
macsimus/examples/edu/B01-NVT-start.sh
macsimus/examples/edu/B02-NPT-equilibrate.sh
macsimus/examples/edu/B03-NPT-simulate.sh
macsimus/examples/edu/B04-show-results.sh
macsimus/examples/edu/B05-solvation-shell.sh
macsimus/examples/edu/C01-box-of-water.sh
macsimus/examples/edu/C02-one-droplet.sh
macsimus/examples/edu/C03-simulate-two-droplets.sh
macsimus/examples/edu/C04-watch-coalescence.sh
macsimus/examples/edu/C05-continue-two-droplets.sh
macsimus/examples/edu/C06-show-convergence-profiles.sh
macsimus/examples/edu/Ca++.che
macsimus/examples/edu/Ca++@C60.che
macsimus/examples/edu/Ca++@C60.mol
macsimus/examples/edu/Ca++@C60.plb
macsimus/examples/edu/Cl-.che
macsimus/examples/edu/Cl-@C60.che
macsimus/examples/edu/He.che
macsimus/examples/edu/Kr.che
macsimus/examples/edu/Li+.che
macsimus/examples/edu/Na+.che
macsimus/examples/edu/Ne.che
macsimus/examples/edu/README.md
macsimus/examples/edu/SPCE.che
macsimus/examples/edu/Xe.che
macsimus/examples/edu/Xe@C60.che
macsimus/examples/edu/fuller60.che
macsimus/examples/edu/int.sh
macsimus/examples/edu/na4cl4.che
macsimus/examples/edu/res.sh
macsimus/examples/edu/setup.sh
macsimus/examples/edu/simenw2.pdf
macsimus/examples/edu/slabname.sh
macsimus/examples/edu/yes.sh
macsimus/examples/inst/README.md
macsimus/examples/inst/test.sh
macsimus/examples/man/I.che
macsimus/examples/man/LI.che
macsimus/examples/man/README.md
macsimus/examples/man/crambin.pdb
macsimus/examples/man/crambinw.def
macsimus/examples/man/crambinw.get
macsimus/examples/man/li180i180.def
macsimus/examples/man/li180i180.get
macsimus/examples/man/ps.def
macsimus/examples/man/wurtzite.atm
macsimus/examples/nmf/README.md
macsimus/examples/stereogram/README.md
macsimus/gen/README.md           
macsimus/gen/alloc.h
macsimus/gen/bitfile.c
macsimus/gen/bitfile.h
macsimus/gen/calc.c
macsimus/gen/calc.h
macsimus/gen/calc1.c
macsimus/gen/calcu.c
macsimus/gen/conjgrad.c
macsimus/gen/conjgrad.h
macsimus/gen/cputime.c
macsimus/gen/cputime.h
macsimus/gen/datetime.c
macsimus/gen/dihangle.c
macsimus/gen/drawbit.c
macsimus/gen/fbgi.c
macsimus/gen/fc7x13.c
macsimus/gen/fc9x15.c
macsimus/gen/fft.c
macsimus/gen/fft.h
macsimus/gen/fltprec.h
macsimus/gen/forscanf.c
macsimus/gen/forscanf.h
macsimus/gen/forscani.c
macsimus/gen/fortran.c
macsimus/gen/fortran.h
macsimus/gen/func.c
macsimus/gen/func.h
macsimus/gen/gauss4.c
macsimus/gen/gauss8.c
macsimus/gen/gear2.c
macsimus/gen/geohlp.c
macsimus/gen/gjlineq.c
macsimus/gen/gjlineq.h
macsimus/gen/ground.c
macsimus/gen/ground.h
macsimus/gen/guihlp.c
macsimus/gen/highprec.cc
macsimus/gen/highprec.h
macsimus/gen/include.h
macsimus/gen/int4.c
macsimus/gen/int4.h
macsimus/gen/invmat.c
macsimus/gen/jacobi.c
macsimus/gen/jacobins.c
macsimus/gen/lineq.c
macsimus/gen/linregr.c
macsimus/gen/linregr.h
macsimus/gen/log1.c
macsimus/gen/longprec.h
macsimus/gen/loop.h
macsimus/gen/loptions.h
macsimus/gen/ludecomp.c
macsimus/gen/macrohelp.c
macsimus/gen/makegrid.c
macsimus/gen/matrix.c
macsimus/gen/minimize.c
macsimus/gen/minimize.h
macsimus/gen/mousekey.c
macsimus/gen/ms.h
macsimus/gen/mydraw.c
macsimus/gen/mydraw.h
macsimus/gen/mygets.c
macsimus/gen/mystring.c
macsimus/gen/options.h
macsimus/gen/outtext.c
macsimus/gen/parm.h
macsimus/gen/permute.c
macsimus/gen/plotcalc.c
macsimus/gen/plotcalc.h
macsimus/gen/ploterr.c
macsimus/gen/ploterr.h
macsimus/gen/plotfile.c
macsimus/gen/plotfile.h
macsimus/gen/powi.c
macsimus/gen/prec.h
macsimus/gen/predict.c
macsimus/gen/predict.h
macsimus/gen/prompt.c
macsimus/gen/prtscr.c
macsimus/gen/qmin.c
macsimus/gen/qmin.h
macsimus/gen/question.c
macsimus/gen/rndetc.c
macsimus/gen/rndgen.h
macsimus/gen/rndgeni.c
macsimus/gen/rndseed.c
macsimus/gen/sdfit.c
macsimus/gen/sdfit.h
macsimus/gen/sds.h
macsimus/gen/solve2.c
macsimus/gen/solve2.h
macsimus/gen/sphint.c
macsimus/gen/statics.c
macsimus/gen/statics.h
macsimus/gen/tabinc.c
macsimus/gen/varfile.c
macsimus/gen/varfile.h
macsimus/gen/vector2d.h
macsimus/gen/vector3d.h
macsimus/gen/xbuttons.c
macsimus/gen/xdraw.c
macsimus/gen/xdraw.h
macsimus/gen/xdrawhelp.c
macsimus/gen/xfbgi.c
macsimus/gen/xfont0.c
macsimus/gen/xfont2.c
macsimus/gen/xfont3.c
macsimus/gen/xfont4.c
macsimus/install.sh
macsimus/man/dog.jpg
macsimus/man/history.txt
macsimus/man/macsimus.pdf
macsimus/ray/README.md           
macsimus/ray/antialia.c
macsimus/ray/bound.c
macsimus/ray/color.c
macsimus/ray/cone.c
macsimus/ray/config.h
macsimus/ray/data.c
macsimus/ray/ddither.c
macsimus/ray/defs.h
macsimus/ray/error.c
macsimus/ray/extern.h
macsimus/ray/getopt.c
macsimus/ray/intersec.c
macsimus/ray/main.c
macsimus/ray/metamake.mmk
macsimus/ray/nff.c
macsimus/ray/pic.c
macsimus/ray/pic.h
macsimus/ray/pnm.c
macsimus/ray/poly.c
macsimus/ray/ppm2ppm.c
macsimus/ray/ppm2ps.c
macsimus/ray/ppminfo.c
macsimus/ray/ppmscale.c
macsimus/ray/pqueue.c
macsimus/ray/screen.c
macsimus/ray/shade.c
macsimus/ray/sphere.c
macsimus/ray/tokens.c
macsimus/ray/trace.c
macsimus/ray/tri.c
macsimus/ray/vector.c
macsimus/ray/y_tab.h
macsimus/show/README.md          
macsimus/show/getdata.c
macsimus/show/groupc.c
macsimus/show/inshell.c
macsimus/show/match.c
macsimus/show/metamake.mmk
macsimus/show/plbmatch.c
macsimus/show/plot.c
macsimus/show/plotbit.c
macsimus/show/plotdef.c
macsimus/show/plothelp.c
macsimus/show/plothlp.c
macsimus/show/plotmenu.c
macsimus/show/psstring.c
macsimus/show/show.c
macsimus/show/show.inc
macsimus/show/showbit.c
macsimus/show/showdump.c
macsimus/show/showhelp.c
macsimus/show/showhlp.c
macsimus/show/showmenu.c
macsimus/show/showmol.c
macsimus/show/showmove.c
macsimus/show/stereo.c
macsimus/sim/README.md           
macsimus/sim/anchora.c
macsimus/sim/anchorc.c
macsimus/sim/anchorg.c
macsimus/sim/anchork0.c
macsimus/sim/anchorm.c
macsimus/sim/anchors.c
macsimus/sim/asksig.c
macsimus/sim/asksig.h
macsimus/sim/bjerrum.c
macsimus/sim/buck/sitesite.c
macsimus/sim/buck/sitesite.h
macsimus/sim/busing/sitesite.c
macsimus/sim/busing/sitesite.h
macsimus/sim/cluster.c
macsimus/sim/constrd.c
macsimus/sim/constrd.h
macsimus/sim/constrddebug1.c
macsimus/sim/constrddebug2.c
macsimus/sim/cpmark.h
macsimus/sim/cprof.c
macsimus/sim/cutelst.c
macsimus/sim/cutelstd.c
macsimus/sim/drifts.c
macsimus/sim/drudedrude.c
macsimus/sim/drudedrude14.c
macsimus/sim/drudedrudem.c
macsimus/sim/drudedrudeqqtab.c
macsimus/sim/drudedrudeqqtabm.c
macsimus/sim/drudedrudeqqtabx.c
macsimus/sim/drudedrudex.c
macsimus/sim/ecc.c
macsimus/sim/elst.c
macsimus/sim/elst.h
macsimus/sim/equivlj.c
macsimus/sim/equivlj.h
macsimus/sim/erexact.c
macsimus/sim/erfc.c
macsimus/sim/erfcqq.c
macsimus/sim/ertest.c
macsimus/sim/ewald.c
macsimus/sim/ewald.h
macsimus/sim/ewaldf.c
macsimus/sim/ewaldprt.c
macsimus/sim/ewpass1.c
macsimus/sim/ewpass2.c
macsimus/sim/ewpass2m.c
macsimus/sim/exp6/sitesite.c
macsimus/sim/exp6/sitesite.h
macsimus/sim/fgelst.c
macsimus/sim/foolproo.c
macsimus/sim/gcelst.c
macsimus/sim/gcprof.c
macsimus/sim/goldmac.h
macsimus/sim/harmlin.c
macsimus/sim/harmmeoh.c
macsimus/sim/harmonic.h
macsimus/sim/harmwat.c
macsimus/sim/inter2d.h
macsimus/sim/interfq.c
macsimus/sim/intermac.h
macsimus/sim/internp.c
macsimus/sim/interpol.c
macsimus/sim/interpot.c
macsimus/sim/interpot.h
macsimus/sim/intrapot.c
macsimus/sim/intrapot.h
macsimus/sim/lj/sitesite.c
macsimus/sim/lj/sitesite.h
macsimus/sim/main.c
macsimus/sim/mainbjerrum.c
macsimus/sim/maincps.c
macsimus/sim/maindef.c
macsimus/sim/mainextf.c
macsimus/sim/mainget.c
macsimus/sim/mainhlp.c
macsimus/sim/mainres.c
macsimus/sim/mainresc.c
macsimus/sim/mark.c
macsimus/sim/mark.h
macsimus/sim/maxjump.h
macsimus/sim/metal/sitesite.c
macsimus/sim/metal/sitesite.h
macsimus/sim/metalnp.c
macsimus/sim/new
macsimus/sim/nm.c
macsimus/sim/nmc.c
macsimus/sim/norm.c
macsimus/sim/norm.h
macsimus/sim/optlist.c
macsimus/sim/orienta.c
macsimus/sim/pakcp.c
macsimus/sim/pakcp.h
macsimus/sim/pred2.c
macsimus/sim/rdf.h
macsimus/sim/rhs.c
macsimus/sim/rhs.h
macsimus/sim/scf.c
macsimus/sim/setss.c
macsimus/sim/setss.h
macsimus/sim/shakecp.c
macsimus/sim/shakev0.c
macsimus/sim/shakev1.c
macsimus/sim/shakev2.c
macsimus/sim/shakev3.c
macsimus/sim/shakev5.c
macsimus/sim/shakev6.c
macsimus/sim/simcg.c
macsimus/sim/simcg.h
macsimus/sim/simgear.c
macsimus/sim/simgear.h
macsimus/sim/simglob.c
macsimus/sim/simglob.h
macsimus/sim/simils.c
macsimus/sim/simils.h
macsimus/sim/siminit.c
macsimus/sim/siminit.h
macsimus/sim/simmeas.c
macsimus/sim/simmeas.h
macsimus/sim/simmeasx.c
macsimus/sim/simmeasx.h
macsimus/sim/slabmeas.c
macsimus/sim/splines.c
macsimus/sim/ssdecl.h
macsimus/sim/thermo.c
macsimus/sim/trvpscale.c
macsimus/sim/units.h
macsimus/sim/vector.h
macsimus/sim/verlet.c
macsimus/sim/virc.c
macsimus/sim/wcalj/sitesite.c
macsimus/sim/wcalj/sitesite.h
macsimus/sim/widomres.c
macsimus/sim/xforces.c
macsimus/sim/xforces.h
macsimus/sim/xsection.c
macsimus/sys/.evdata
macsimus/sys/.evudata
macsimus/sys/.startdata
macsimus/sys/README.md           
macsimus/sys/bin.lst
macsimus/sys/compile.mmk
macsimus/sys/macsimus.lst
macsimus/sys/mc.ext
macsimus/util/README.md          
macsimus/util/asc2cfg.c
macsimus/util/asc2plb.c
macsimus/util/atomdist.c
macsimus/util/autocorr.c
macsimus/util/cfg2asc.c
macsimus/util/cfg2atm.c
macsimus/util/cfg2plb.c
macsimus/util/cfgconv.c
macsimus/util/concprof.c
macsimus/util/coordn.c
macsimus/util/cp2cp.c
macsimus/util/cpacol.c
macsimus/util/cppak.c
macsimus/util/cutprt.c
macsimus/util/density.c
macsimus/util/densprof.c
macsimus/util/filtplb.c
macsimus/util/frame.c
macsimus/util/gaussian2plb.c
macsimus/util/gro2atm.c
macsimus/util/harmg.c
macsimus/util/hbonds.c
macsimus/util/intcoord.c
macsimus/util/lookzba.c
macsimus/util/m2m.c
macsimus/util/makeplb.c
macsimus/util/mergeplb.c
macsimus/util/metamake.mmk
macsimus/util/mol2mol.c
macsimus/util/molcfg.c
macsimus/util/molren.c
macsimus/util/plb2asc.c
macsimus/util/plb2cfg.c
macsimus/util/plb2cryst.c
macsimus/util/plb2diff.c
macsimus/util/plb2nbr.c
macsimus/util/plb2plb.c
macsimus/util/plb2rdf.c
macsimus/util/plbasc.c
macsimus/util/plbbox.c
macsimus/util/plbcenter.c
macsimus/util/plbconv.c
macsimus/util/plbcut.c
macsimus/util/plbfill.c
macsimus/util/plbfilt.c
macsimus/util/plbframe.c
macsimus/util/plbinfo.c
macsimus/util/plbmerge.c
macsimus/util/plbmsd.c
macsimus/util/plbpak.c
macsimus/util/plbreplicate.c
macsimus/util/plbscale.c
macsimus/util/plbshift.c
macsimus/util/plbsites.c
macsimus/util/plbsmooth.c
macsimus/util/plbstack.c
macsimus/util/plbtran.c
macsimus/util/project.c
macsimus/util/rdfconv.c
macsimus/util/rdfg.c
macsimus/util/rdfgv1.c
macsimus/util/sfourier.c
macsimus/util/showcp.c
macsimus/util/showcphlp.c
macsimus/util/shownear.c
macsimus/util/simopt.h
macsimus/util/spectrum.c
macsimus/util/staprt.c
macsimus/util/wat2wat.c
